// Jest Snapshot v1, https://goo.gl/fbAQLP

exports[`main snapshot tools generated serialized value for React tree 1`] = `
<div>
  Portland, ME
</div>
`;

exports[`property matchers generated fields will pass every time 1`] = `
Object {
  "createdAt": Any<Date>,
  "id": Any<Number>,
  "name": "DiJest",
}
`;
